
> Obaol Surpeme@1.0.0 dev
> nodemon --exec ts-node -r tsconfig-paths/register src/index.ts

[33m[nodemon] 3.1.11[39m
[33m[nodemon] to restart at any time, enter `rs`[39m
[33m[nodemon] watching path(s): *.*[39m
[33m[nodemon] watching extensions: ts,json[39m
[32m[nodemon] starting `ts-node -r tsconfig-paths/register src/index.ts`[39m
2026-02-13T20:07:54.495Z [[32MINFO[39M]: MongoDB Connected: obaol-cluster-shard-00-00.oq0ij.mongodb.net 
OBAOL Server is running on port 5001
Environment: development
https://<your-domain>/api/v1/web
[32m[nodemon] restarting due to changes...[39m
[32m[nodemon] starting `ts-node -r tsconfig-paths/register src/index.ts`[39m
2026-02-13T20:26:34.322Z [[32MINFO[39M]: MongoDB Connected: obaol-cluster-shard-00-00.oq0ij.mongodb.net 
[31m[nodemon] app crashed - waiting for file changes before starting...[39m
[32m[nodemon] restarting due to changes...[39m
[32m[nodemon] starting `ts-node -r tsconfig-paths/register src/index.ts`[39m
2026-02-13T20:27:00.562Z [[32MINFO[39M]: MongoDB Connected: obaol-cluster-shard-00-01.oq0ij.mongodb.net 
OBAOL Server is running on port 5001
Environment: development
https://<your-domain>/api/v1/web
[32m[nodemon] restarting due to changes...[39m
[32m[nodemon] starting `ts-node -r tsconfig-paths/register src/index.ts`[39m
2026-02-13T20:27:21.431Z [[32MINFO[39M]: MongoDB Connected: obaol-cluster-shard-00-02.oq0ij.mongodb.net 
OBAOL Server is running on port 5001
Environment: development
https://<your-domain>/api/v1/web
[32m[nodemon] restarting due to changes...[39m
[32m[nodemon] starting `ts-node -r tsconfig-paths/register src/index.ts`[39m
2026-02-13T20:27:28.803Z [[32MINFO[39M]: MongoDB Connected: obaol-cluster-shard-00-02.oq0ij.mongodb.net 
[31m[nodemon] app crashed - waiting for file changes before starting...[39m
