
> Obaol Surpeme@1.0.0 dev
> nodemon --exec ts-node -r tsconfig-paths/register src/index.ts

[33m[nodemon] 3.1.11[39m
[33m[nodemon] to restart at any time, enter `rs`[39m
[33m[nodemon] watching path(s): *.*[39m
[33m[nodemon] watching extensions: ts,json[39m
[32m[nodemon] starting `ts-node -r tsconfig-paths/register src/index.ts`[39m
2026-02-13T13:35:09.931Z [[32MINFO[39M]: MongoDB Connected: obaol-cluster-shard-00-00.oq0ij.mongodb.net 
CRITICAL: UNCAUGHT EXCEPTION: Error: listen EADDRINUSE: address already in use 0.0.0.0:5001
    at Server.setupListenHandle [as _listen2] (node:net:1940:16)
    at listenInCluster (node:net:1997:12)
    at node:net:2206:7
    at processTicksAndRejections (node:internal/process/task_queues:89:21) {
  code: 'EADDRINUSE',
  errno: -48,
  syscall: 'listen',
  address: '0.0.0.0',
  port: 5001
}
[31m[nodemon] app crashed - waiting for file changes before starting...[39m
[32m[nodemon] restarting due to changes...[39m
[32m[nodemon] starting `ts-node -r tsconfig-paths/register src/index.ts`[39m
2026-02-13T18:33:36.113Z [[32MINFO[39M]: MongoDB Connected: obaol-cluster-shard-00-01.oq0ij.mongodb.net 
CRITICAL: UNCAUGHT EXCEPTION: Error: listen EADDRINUSE: address already in use 0.0.0.0:5001
    at Server.setupListenHandle [as _listen2] (node:net:1940:16)
    at listenInCluster (node:net:1997:12)
    at node:net:2206:7
    at processTicksAndRejections (node:internal/process/task_queues:89:21) {
  code: 'EADDRINUSE',
  errno: -48,
  syscall: 'listen',
  address: '0.0.0.0',
  port: 5001
}
[31m[nodemon] app crashed - waiting for file changes before starting...[39m
